// Jest Snapshot v1, https://goo.gl/fbAQLP

exports[`view-panel mount "visible with content" ViewPanel 1`] = `
<div>
	<div class="SharpViewPanel__glasspane" style=""></div>
	<div class="SharpViewPanel" enter-class="SharpViewPanel--collapsed" enter-active-class="SharpViewPanel--expanding" enter-to-class="SharpViewPanel--expanded" leave-class="SharpViewPanel--expanded" leave-active-class="SharpViewPanel--collapsing"
	    leave-to-class="SharpViewPanel--collapsed">
		<iframe src="about:blank" sandbox="allow-forms allow-scripts allow-same-origin allow-popups"></iframe>
	</div>
</div>
`;

exports[`view-panel mount ViewPanel 1`] = `
<div>
	<div class="SharpViewPanel__glasspane" style="display: none;"></div>
	<!---->
</div>
`;
