// Jest Snapshot v1, https://goo.gl/fbAQLP

exports[`markdown-field basic tests can mount "localized" Markdown field 1`] = `
<div class="SharpMarkdown">
	<div class="SharpModule__inner">
		<div>
			<textarea id="textarea_fr" style="display: none;"></textarea>
			<div class="editor-toolbar">
				<a title="{{ form.markdown.icons.bold.title }} (Ctrl-B)" tabindex="-1" class="fas fa-bold"></a>
				<a title="{{ form.markdown.icons.italic.title }} (Ctrl-I)" tabindex="-1" class="fas fa-italic"></a>
			</div>
			<div class="CodeMirror cm-s-paper CodeMirror-wrap CodeMirror-empty" style="width: auto; height: 310px;">
				<div style="overflow: hidden; position: relative; width: 3px; height: 0px;">
					<textarea style="position: absolute; bottom: -1em; padding: 0px; width: 1000px; height: 1em; outline: none;" autocorrect="off" autocapitalize="off" spellcheck="false" tabindex="0"></textarea>
				</div>
				<div class="CodeMirror-vscrollbar" cm-not-content="true">
					<div style="min-width: 1px;"></div>
				</div>
				<div class="CodeMirror-hscrollbar" cm-not-content="true">
					<div style="height: 100%; min-height: 1px;"></div>
				</div>
				<div class="CodeMirror-scrollbar-filler" cm-not-content="true"></div>
				<div class="CodeMirror-gutter-filler" cm-not-content="true"></div>
				<div class="CodeMirror-scroll" tabindex="-1">
					<div class="CodeMirror-sizer" style="margin-left: 0px;">
						<div style="position: relative;">
							<div class="CodeMirror-lines" role="presentation">
								<div style="position: relative; outline: none;" role="presentation">
									<pre style="height: 0px; overflow: visible;" class="CodeMirror-placeholder">Champ md</pre>
									<div class="CodeMirror-measure">
										<pre><span>xxxxxxxxxx</span></pre>
									</div>
									<div class="CodeMirror-measure"></div>
									<div style="position: relative; z-index: 1;"></div>
									<div class="CodeMirror-cursors"></div>
									<div class="CodeMirror-code" role="presentation"></div>
								</div>
							</div>
						</div>
					</div>
					<div style="position: absolute; height: 30px; width: 1px;"></div>
					<div class="CodeMirror-gutters" style="display: none;"></div>
				</div>
			</div>
			<div class="editor-preview-side"></div>
		</div>
		<div style="display: none;">
			<textarea id="textarea_en" style="display: none;"></textarea>
			<div class="editor-toolbar">
				<a title="{{ form.markdown.icons.bold.title }} (Ctrl-B)" tabindex="-1" class="fas fa-bold"></a>
				<a title="{{ form.markdown.icons.italic.title }} (Ctrl-I)" tabindex="-1" class="fas fa-italic"></a>
			</div>
			<div class="CodeMirror cm-s-paper CodeMirror-wrap CodeMirror-empty" style="width: auto; height: 310px;">
				<div style="overflow: hidden; position: relative; width: 3px; height: 0px;">
					<textarea style="position: absolute; bottom: -1em; padding: 0px; width: 1000px; height: 1em; outline: none;" autocorrect="off" autocapitalize="off" spellcheck="false" tabindex="0"></textarea>
				</div>
				<div class="CodeMirror-vscrollbar" cm-not-content="true">
					<div style="min-width: 1px;"></div>
				</div>
				<div class="CodeMirror-hscrollbar" cm-not-content="true">
					<div style="height: 100%; min-height: 1px;"></div>
				</div>
				<div class="CodeMirror-scrollbar-filler" cm-not-content="true"></div>
				<div class="CodeMirror-gutter-filler" cm-not-content="true"></div>
				<div class="CodeMirror-scroll" tabindex="-1">
					<div class="CodeMirror-sizer" style="margin-left: 0px;">
						<div style="position: relative;">
							<div class="CodeMirror-lines" role="presentation">
								<div style="position: relative; outline: none;" role="presentation">
									<pre style="height: 0px; overflow: visible;" class="CodeMirror-placeholder">Champ md</pre>
									<div class="CodeMirror-measure">
										<pre><span>xxxxxxxxxx</span></pre>
									</div>
									<div class="CodeMirror-measure"></div>
									<div style="position: relative; z-index: 1;"></div>
									<div class="CodeMirror-cursors"></div>
									<div class="CodeMirror-code" role="presentation"></div>
								</div>
							</div>
						</div>
					</div>
					<div style="position: absolute; height: 30px; width: 1px;"></div>
					<div class="CodeMirror-gutters" style="display: none;"></div>
				</div>
			</div>
			<div class="editor-preview-side"></div>
		</div>
	</div>
</div>
`;

exports[`markdown-field basic tests can mount "read only" Markdown field 1`] = `
<div class="SharpMarkdown SharpMarkdown--read-only">
	<div class="SharpModule__inner">
		<textarea style="display: none;"></textarea>
		<div class="editor-toolbar">
			<a title="{{ form.markdown.icons.bold.title }}" tabindex="-1" class="fas fa-bold"></a>
			<a title="{{ form.markdown.icons.italic.title }}" tabindex="-1" class="fas fa-italic"></a>
		</div>
		<div class="CodeMirror cm-s-paper CodeMirror-wrap CodeMirror-empty" style="width: auto; height: 310px;">
			<div style="overflow: hidden; position: relative; width: 3px; height: 0px;">
				<textarea style="position: absolute; bottom: -1em; padding: 0px; width: 1000px; height: 1em; outline: none;" autocorrect="off" autocapitalize="off" spellcheck="false" tabindex="0"></textarea>
			</div>
			<div class="CodeMirror-vscrollbar" cm-not-content="true">
				<div style="min-width: 1px;"></div>
			</div>
			<div class="CodeMirror-hscrollbar" cm-not-content="true">
				<div style="height: 100%; min-height: 1px;"></div>
			</div>
			<div class="CodeMirror-scrollbar-filler" cm-not-content="true"></div>
			<div class="CodeMirror-gutter-filler" cm-not-content="true"></div>
			<div class="CodeMirror-scroll" tabindex="-1">
				<div class="CodeMirror-sizer" style="margin-left: 0px;">
					<div style="position: relative;">
						<div class="CodeMirror-lines" role="presentation">
							<div style="position: relative; outline: none;" role="presentation">
								<pre style="height: 0px; overflow: visible;" class="CodeMirror-placeholder">Champ md</pre>
								<div class="CodeMirror-measure">
									<pre><span>xxxxxxxxxx</span></pre>
								</div>
								<div class="CodeMirror-measure"></div>
								<div style="position: relative; z-index: 1;"></div>
								<div class="CodeMirror-cursors"></div>
								<div class="CodeMirror-code" role="presentation"></div>
							</div>
						</div>
					</div>
				</div>
				<div style="position: absolute; height: 30px; width: 1px;"></div>
				<div class="CodeMirror-gutters" style="display: none;"></div>
			</div>
		</div>
		<div class="editor-preview-side"></div>
	</div>
</div>
`;

exports[`markdown-field basic tests can mount Markdown field 1`] = `
<div class="SharpMarkdown">
	<div class="SharpModule__inner">
		<textarea style="display: none;"></textarea>
		<div class="editor-toolbar">
			<a title="{{ form.markdown.icons.bold.title }} (Ctrl-B)" tabindex="-1" class="fas fa-bold"></a>
			<a title="{{ form.markdown.icons.italic.title }} (Ctrl-I)" tabindex="-1" class="fas fa-italic"></a>
		</div>
		<div class="CodeMirror cm-s-paper CodeMirror-wrap CodeMirror-empty" style="width: auto; height: 310px;">
			<div style="overflow: hidden; position: relative; width: 3px; height: 0px;">
				<textarea style="position: absolute; bottom: -1em; padding: 0px; width: 1000px; height: 1em; outline: none;" autocorrect="off" autocapitalize="off" spellcheck="false" tabindex="0"></textarea>
			</div>
			<div class="CodeMirror-vscrollbar" cm-not-content="true">
				<div style="min-width: 1px;"></div>
			</div>
			<div class="CodeMirror-hscrollbar" cm-not-content="true">
				<div style="height: 100%; min-height: 1px;"></div>
			</div>
			<div class="CodeMirror-scrollbar-filler" cm-not-content="true"></div>
			<div class="CodeMirror-gutter-filler" cm-not-content="true"></div>
			<div class="CodeMirror-scroll" tabindex="-1">
				<div class="CodeMirror-sizer" style="margin-left: 0px;">
					<div style="position: relative;">
						<div class="CodeMirror-lines" role="presentation">
							<div style="position: relative; outline: none;" role="presentation">
								<pre style="height: 0px; overflow: visible;" class="CodeMirror-placeholder">Champ md</pre>
								<div class="CodeMirror-measure">
									<pre><span>xxxxxxxxxx</span></pre>
								</div>
								<div class="CodeMirror-measure"></div>
								<div style="position: relative; z-index: 1;"></div>
								<div class="CodeMirror-cursors"></div>
								<div class="CodeMirror-code" role="presentation"></div>
							</div>
						</div>
					</div>
				</div>
				<div style="position: absolute; height: 30px; width: 1px;"></div>
				<div class="CodeMirror-gutters" style="display: none;"></div>
			</div>
		</div>
		<div class="editor-preview-side"></div>
	</div>
</div>
`;
