// Jest Snapshot v1, https://goo.gl/fbAQLP

exports[`text-field can mount Text field 1`] = `
<div id="app">
	<input type="text" placeholder="Entrez du texte" disabled="disabled" class="SharpText">
</div>
`;
