// Jest Snapshot v1, https://goo.gl/fbAQLP

exports[`store filters state match snapshot 1`] = `
Object {
  "filters": null,
  "values": Object {},
}
`;
