// Jest Snapshot v1, https://goo.gl/fbAQLP

exports[`field-display can mount field display 1`] = `<div class="FIELD_CONTAINER_MOCK" fieldkey="title" fieldprops="[object Object]" fieldtype="text" erroridentifier="title" configidentifier="title"></div>`;
